// Jest Snapshot v1, https://goo.gl/fbAQLP

exports[`expect to match DuckFeedingFormPage snapshot 1`] = `
<div>
  <Connect(DuckFeedingFormComponent) />
</div>
`;
